******************************************************************************
                  TI ARM Linker PC v20.2.0                     
******************************************************************************
>> Linked Thu May  7 18:04:01 2020

OUTPUT FILE NAME:   <Estop_Private.out>
ENTRY POINT SYMBOL: "_c_int00_noargs"  address: 00000f61


MEMORY CONFIGURATION

         name            origin    length      used     unused   attr    fill
----------------------  --------  ---------  --------  --------  ----  --------
  FLASH                 00000000   00040000  00001580  0003ea80  R  X
  SRAM                  20000000   00008000  00000472  00007b8e  RW X


SEGMENT ALLOCATION MAP

run origin  load origin   length   init length attrs members
----------  ----------- ---------- ----------- ----- -------
00000000    00000000    00001580   00001580    r-x
  00000000    00000000    0000026c   0000026c    r-- .intvecs
  0000026c    0000026c    00000ee0   00000ee0    r-x .text
  0000114c    0000114c    00000404   00000404    r-- .const
  00001550    00001550    00000030   00000030    r-- .cinit
20000000    20000000    00000476   00000000    rw-
  20000000    20000000    0000026c   00000000    rw- .vtable
  20000270    20000270    00000200   00000000    rw- .stack
  20000470    20000470    00000006   00000000    rw- .data


SECTION ALLOCATION MAP

 output                                  attributes/
section   page    origin      length       input sections
--------  ----  ----------  ----------   ----------------
.intvecs   0    00000000    0000026c     
                  00000000    0000026c     tm4c123gh6pm_startup_ccs.obj (.intvecs)

.text      0    0000026c    00000ee0     
                  0000026c    0000049c     uartstdio.obj (.text)
                  00000708    0000013c     estop.obj (.text)
                  00000844    00000132     driverlib.lib : gpio.obj (.text:GPIOPadConfigSet)
                  00000976    00000002     rtsv7M4_T_le_v4SPD16_eabi.lib : div0.asm.obj (.text)
                  00000978    000000f4     driverlib.lib : sysctl.obj (.text:SysCtlClockSet)
                  00000a6c    0000009c     rtsv7M4_T_le_v4SPD16_eabi.lib : memcpy_t2.asm.obj (.text)
                  00000b08    0000008c     main.obj (.text)
                  00000b94    00000068     driverlib.lib : interrupt.obj (.text:IntEnable)
                  00000bfc    00000068     rtsv7M4_T_le_v4SPD16_eabi.lib : copy_decompress_lzss.c.obj (.text:decompress:lzss:__TI_decompress_lzss)
                  00000c64    00000060     driverlib.lib : timer.obj (.text:TimerConfigure)
                  00000cc4    00000056                   : gpio.obj (.text:GPIOIntTypeSet)
                  00000d1a    00000002     --HOLE-- [fill = 0]
                  00000d1c    0000004c                   : timer.obj (.text:_TimerIntNumberGet)
                  00000d68    00000048                   : gpio.obj (.text:GPIOPinConfigure)
                  00000db0    00000046                   : uart.obj (.text:UARTConfigSetExpClk)
                  00000df6    00000002     --HOLE-- [fill = 0]
                  00000df8    00000044                   : gpio.obj (.text:_GPIOIntNumberGet)
                  00000e3c    00000044     rtsv7M4_T_le_v4SPD16_eabi.lib : autoinit.c.obj (.text:__TI_auto_init_nobinit_nopinit:__TI_auto_init_nobinit_nopinit)
                  00000e80    00000040                                   : u_divt2.asm.obj (.text)
                  00000ec0    00000038     driverlib.lib : sysctl.obj (.text:SysCtlPeripheralPresent)
                  00000ef8    00000034                   : interrupt.obj (.text:IntRegister)
                  00000f2c    00000034                   : sysctl.obj (.text:SysCtlPeripheralEnable)
                  00000f60    00000034     rtsv7M4_T_le_v4SPD16_eabi.lib : boot_cortex_m.c.obj (.text:_c_int00_noargs:_c_int00_noargs)
                  00000f94    0000002a     driverlib.lib : gpio.obj (.text:GPIODirModeSet)
                  00000fbe    00000002     --HOLE-- [fill = 0]
                  00000fc0    00000024                   : interrupt.obj (.text:IntPrioritySet)
                  00000fe4    00000020                   : uart.obj (.text:UARTDisable)
                  00001004    0000001c     rtsv7M4_T_le_v4SPD16_eabi.lib : copy_zero_init.c.obj (.text:decompress:ZI:__TI_zero_init_nomemset:__TI_zero_init_nomemset)
                  00001020    00000018     driverlib.lib : gpio.obj (.text:GPIOIntRegister)
                  00001038    00000018                   : gpio.obj (.text:GPIOPinTypeGPIOOutput)
                  00001050    00000018                   : timer.obj (.text:TimerIntRegister)
                  00001068    00000014                   : uart.obj (.text:UARTEnable)
                  0000107c    00000012                   : gpio.obj (.text:GPIOPinTypeGPIOInput)
                  0000108e    00000012                   : gpio.obj (.text:GPIOPinTypeUART)
                  000010a0    00000012                   : timer.obj (.text:TimerLoadSet)
                  000010b2    0000000e                   : gpio.obj (.text:GPIOIntDisable)
                  000010c0    0000000e                   : gpio.obj (.text:GPIOIntStatus)
                  000010ce    0000000e                   : timer.obj (.text:TimerEnable)
                  000010dc    0000000e     rtsv7M4_T_le_v4SPD16_eabi.lib : copy_decompress_none.c.obj (.text:decompress:none:__TI_decompress_none)
                  000010ea    0000000c     driverlib.lib : gpio.obj (.text:GPIOIntEnable)
                  000010f6    0000000c     tm4c123gh6pm_startup_ccs.obj (.text)
                  00001102    0000000a     driverlib.lib : timer.obj (.text:TimerIntDisable)
                  0000110c    0000000a                   : uart.obj (.text:UARTCharGet)
                  00001116    0000000a                   : uart.obj (.text:UARTCharPut)
                  00001120    00000008                   : timer.obj (.text:TimerIntEnable)
                  00001128    00000006                   : gpio.obj (.text:GPIOIntClear)
                  0000112e    00000006                   : gpio.obj (.text:GPIOPinWrite)
                  00001134    00000006                   : sysctl.obj (.text:SysCtlDelay)
                  0000113a    00000006                   : uart.obj (.text:UARTClockSourceSet)
                  00001140    00000004                   : timer.obj (.text:TimerIntClear)
                  00001144    00000004     rtsv7M4_T_le_v4SPD16_eabi.lib : pre_init.c.obj (.text:_system_pre_init)
                  00001148    00000004                                   : exit.c.obj (.text:abort:abort)

.const     0    0000114c    00000404     
                  0000114c    000000d8     driverlib.lib : gpio.obj (.const:g_ppui32GPIOIntMapSnowflake)
                  00001224    000000c0                   : gpio.obj (.const:g_ppui32GPIOIntMapBlizzard)
                  000012e4    0000009c                   : interrupt.obj (.const:g_pui32Regs)
                  00001380    00000090                   : gpio.obj (.const:g_pui32GPIOBaseAddrs)
                  00001410    00000070                   : interrupt.obj (.const)
                  00001480    00000060                   : timer.obj (.const:g_ppui32TimerIntMap)
                  000014e0    00000040                   : timer.obj (.const:g_ppui32TimerIntMapSnowflake)
                  00001520    00000012     uartstdio.obj (.const:.string)
                  00001532    00000002     --HOLE-- [fill = 0]
                  00001534    0000000c     uartstdio.obj (.const:g_ui32UARTBase)
                  00001540    0000000c     uartstdio.obj (.const:g_ui32UARTPeriph)
                  0000154c    00000004     uartstdio.obj (.const)

.cinit     0    00001550    00000030     
                  00001550    0000000c     (__TI_handler_table)
                  0000155c    00000004     --HOLE-- [fill = 0]
                  00001560    00000008     (.cinit..vtable.load) [load image, compression = zero_init]
                  00001568    00000007     (.cinit..data.load) [load image, compression = lzss]
                  0000156f    00000001     --HOLE-- [fill = 0]
                  00001570    00000010     (__TI_cinit_table)

.init_array 
*          0    00000000    00000000     UNINITIALIZED

.vtable    0    20000000    0000026c     UNINITIALIZED
                  20000000    0000026c     driverlib.lib : interrupt.obj (.vtable)

.data      0    20000470    00000006     UNINITIALIZED
                  20000470    00000005     uartstdio.obj (.data)
                  20000475    00000001     estop.obj (.data)

.stack     0    20000270    00000200     UNINITIALIZED
                  20000270    00000004     rtsv7M4_T_le_v4SPD16_eabi.lib : boot_cortex_m.c.obj (.stack)
                  20000274    000001fc     --HOLE--

__llvm_prf_cnts 
*          0    20000000    00000000     UNINITIALIZED

MODULE SUMMARY

       Module                         code   ro data   rw data
       ------                         ----   -------   -------
    .\
       tm4c123gh6pm_startup_ccs.obj   12     620       0      
    +--+------------------------------+------+---------+---------+
       Total:                         12     620       0      
                                                              
    .\src\
       uartstdio.obj                  1180   46        5      
       estop.obj                      316    0         1      
       main.obj                       140    0         0      
    +--+------------------------------+------+---------+---------+
       Total:                         1636   46        6      
                                                              
    C:/ti/TivaWare_C_Series-2.1.4.178/driverlib/ccs/Debug/driverlib.lib
       gpio.obj                       710    552       0      
       interrupt.obj                  192    268       620    
       timer.obj                      250    160       0      
       sysctl.obj                     358    0         0      
       uart.obj                       148    0         0      
    +--+------------------------------+------+---------+---------+
       Total:                         1658   980       620    
                                                              
    C:\ti\ccs1000\ccs\tools\compiler\ti-cgt-arm_20.2.0.LTS\lib\rtsv7M4_T_le_v4SPD16_eabi.lib
       memcpy_t2.asm.obj              156    0         0      
       copy_decompress_lzss.c.obj     104    0         0      
       autoinit.c.obj                 68     0         0      
       u_divt2.asm.obj                64     0         0      
       boot_cortex_m.c.obj            52     0         0      
       copy_zero_init.c.obj           28     0         0      
       copy_decompress_none.c.obj     14     0         0      
       exit.c.obj                     4      0         0      
       pre_init.c.obj                 4      0         0      
       div0.asm.obj                   2      0         0      
    +--+------------------------------+------+---------+---------+
       Total:                         496    0         0      
                                                              
       Stack:                         0      0         512    
       Linker Generated:              0      43        0      
    +--+------------------------------+------+---------+---------+
       Grand Total:                   3802   1689      1138   


LINKER GENERATED COPY TABLES

__TI_cinit_table @ 00001570 records: 2, size/record: 8, table size: 16
	.vtable: load addr=00001560, load size=00000008 bytes, run addr=20000000, run size=0000026c bytes, compression=zero_init
	.data: load addr=00001568, load size=00000007 bytes, run addr=20000470, run size=00000006 bytes, compression=lzss


LINKER GENERATED HANDLER TABLE

__TI_handler_table @ 00001550 records: 3, size/record: 4, table size: 12
	index: 0, handler: __TI_zero_init
	index: 1, handler: __TI_decompress_lzss
	index: 2, handler: __TI_decompress_none


GLOBAL SYMBOLS: SORTED ALPHABETICALLY BY Name 

address   name                          
-------   ----                          
00001149  C$$EXIT                       
00000f95  GPIODirModeSet                
00001129  GPIOIntClear                  
000010b3  GPIOIntDisable                
000010eb  GPIOIntEnable                 
00001021  GPIOIntRegister               
000010c1  GPIOIntStatus                 
00000cc5  GPIOIntTypeSet                
00000845  GPIOPadConfigSet              
00000d69  GPIOPinConfigure              
0000107d  GPIOPinTypeGPIOInput          
00001039  GPIOPinTypeGPIOOutput         
0000108f  GPIOPinTypeUART               
0000112f  GPIOPinWrite                  
00000749  Hz_to_counts                  
00000b95  IntEnable                     
00000fc1  IntPrioritySet                
00000ef9  IntRegister                   
000010f7  ResetISR                      
00000979  SysCtlClockSet                
00001135  SysCtlDelay                   
00000f2d  SysCtlPeripheralEnable        
00000ec1  SysCtlPeripheralPresent       
00000c65  TimerConfigure                
000010cf  TimerEnable                   
00001141  TimerIntClear                 
00001103  TimerIntDisable               
00001121  TimerIntEnable                
00001051  TimerIntRegister              
000010a1  TimerLoadSet                  
0000110d  UARTCharGet                   
00001117  UARTCharPut                   
0000113b  UARTClockSourceSet            
00000db1  UARTConfigSetExpClk           
00000fe5  UARTDisable                   
00001069  UARTEnable                    
0000026d  UARTStdioConfig               
000003b3  UARTgetc                      
000002f9  UARTgets                      
000006d3  UARTprintf                    
000003d9  UARTvprintf                   
000002b3  UARTwrite                     
20000470  __STACK_END                   
00000200  __STACK_SIZE                  
20000470  __STACK_TOP                   
00001570  __TI_CINIT_Base               
00001580  __TI_CINIT_Limit              
00001550  __TI_Handler_Table_Base       
0000155c  __TI_Handler_Table_Limit      
00000e3d  __TI_auto_init_nobinit_nopinit
00000bfd  __TI_decompress_lzss          
000010dd  __TI_decompress_none          
ffffffff  __TI_pprof_out_hndl           
ffffffff  __TI_prof_data_size           
ffffffff  __TI_prof_data_start          
00000000  __TI_static_base__            
00001005  __TI_zero_init_nomemset       
00000977  __aeabi_idiv0                 
00000977  __aeabi_ldiv0                 
00000a6d  __aeabi_memcpy                
00000a6d  __aeabi_memcpy4               
00000a6d  __aeabi_memcpy8               
00000e81  __aeabi_uidiv                 
00000e81  __aeabi_uidivmod              
ffffffff  __binit__                     
ffffffff  __c_args__                    
UNDEFED   __mpu_init                    
20000270  __stack                       
20000000  __start___llvm_prf_cnts       
20000000  __stop___llvm_prf_cnts        
00000f61  _c_int00_noargs               
UNDEFED   _system_post_cinit            
00001145  _system_pre_init              
00001149  abort                         
ffffffff  binit                         
00000709  button_ISR                    
00000b09  configure_UART                
00000803  enable_LED_periph             
0000077b  enable_button_int             
000007d5  enable_timer_int              
0000080d  enable_timer_periph           
20000000  g_pfnRAMVectors               
00000000  g_pfnVectors                  
0000075b  init_button_int               
000007b1  init_timer_int                
00000b45  main                          
00000a6d  memcpy                        
20000475  stop                          
0000072b  timer_ISR                     
00000817  turn_on_red_LED               


GLOBAL SYMBOLS: SORTED BY Symbol Address 

address   name                          
-------   ----                          
00000000  __TI_static_base__            
00000000  g_pfnVectors                  
00000200  __STACK_SIZE                  
0000026d  UARTStdioConfig               
000002b3  UARTwrite                     
000002f9  UARTgets                      
000003b3  UARTgetc                      
000003d9  UARTvprintf                   
000006d3  UARTprintf                    
00000709  button_ISR                    
0000072b  timer_ISR                     
00000749  Hz_to_counts                  
0000075b  init_button_int               
0000077b  enable_button_int             
000007b1  init_timer_int                
000007d5  enable_timer_int              
00000803  enable_LED_periph             
0000080d  enable_timer_periph           
00000817  turn_on_red_LED               
00000845  GPIOPadConfigSet              
00000977  __aeabi_idiv0                 
00000977  __aeabi_ldiv0                 
00000979  SysCtlClockSet                
00000a6d  __aeabi_memcpy                
00000a6d  __aeabi_memcpy4               
00000a6d  __aeabi_memcpy8               
00000a6d  memcpy                        
00000b09  configure_UART                
00000b45  main                          
00000b95  IntEnable                     
00000bfd  __TI_decompress_lzss          
00000c65  TimerConfigure                
00000cc5  GPIOIntTypeSet                
00000d69  GPIOPinConfigure              
00000db1  UARTConfigSetExpClk           
00000e3d  __TI_auto_init_nobinit_nopinit
00000e81  __aeabi_uidiv                 
00000e81  __aeabi_uidivmod              
00000ec1  SysCtlPeripheralPresent       
00000ef9  IntRegister                   
00000f2d  SysCtlPeripheralEnable        
00000f61  _c_int00_noargs               
00000f95  GPIODirModeSet                
00000fc1  IntPrioritySet                
00000fe5  UARTDisable                   
00001005  __TI_zero_init_nomemset       
00001021  GPIOIntRegister               
00001039  GPIOPinTypeGPIOOutput         
00001051  TimerIntRegister              
00001069  UARTEnable                    
0000107d  GPIOPinTypeGPIOInput          
0000108f  GPIOPinTypeUART               
000010a1  TimerLoadSet                  
000010b3  GPIOIntDisable                
000010c1  GPIOIntStatus                 
000010cf  TimerEnable                   
000010dd  __TI_decompress_none          
000010eb  GPIOIntEnable                 
000010f7  ResetISR                      
00001103  TimerIntDisable               
0000110d  UARTCharGet                   
00001117  UARTCharPut                   
00001121  TimerIntEnable                
00001129  GPIOIntClear                  
0000112f  GPIOPinWrite                  
00001135  SysCtlDelay                   
0000113b  UARTClockSourceSet            
00001141  TimerIntClear                 
00001145  _system_pre_init              
00001149  C$$EXIT                       
00001149  abort                         
00001550  __TI_Handler_Table_Base       
0000155c  __TI_Handler_Table_Limit      
00001570  __TI_CINIT_Base               
00001580  __TI_CINIT_Limit              
20000000  __start___llvm_prf_cnts       
20000000  __stop___llvm_prf_cnts        
20000000  g_pfnRAMVectors               
20000270  __stack                       
20000470  __STACK_END                   
20000470  __STACK_TOP                   
20000475  stop                          
ffffffff  __TI_pprof_out_hndl           
ffffffff  __TI_prof_data_size           
ffffffff  __TI_prof_data_start          
ffffffff  __binit__                     
ffffffff  __c_args__                    
ffffffff  binit                         
UNDEFED   __mpu_init                    
UNDEFED   _system_post_cinit            

[90 symbols]
